###############################################################################
#
# IAR ELF Linker V8.40.1.212/W32 for ARM                  03/Feb/2021  19:58:18
# Copyright 2007-2019 IAR Systems AB.
#
#    Output file  =  E:\cpp\nrf52_libraries\main\Exe\libraries.out.tmp
#    Map file     =  E:\cpp\nrf52_libraries\main\List\libraries.map
#    Command line =
#        -f C:\Users\IF385~1.SHO\AppData\Local\Temp\EW735A.tmp
#        (E:\cpp\nrf52_libraries\main\Obj\ADC.o
#        E:\cpp\nrf52_libraries\main\Obj\iar_startup_nrf52840.o
#        E:\cpp\nrf52_libraries\main\Obj\led_driver.o
#        E:\cpp\nrf52_libraries\main\Obj\main.o
#        E:\cpp\nrf52_libraries\main\Obj\nrf_hw_pwm.o
#        E:\cpp\nrf52_libraries\main\Obj\system_nrf52.o
#        E:\cpp\nrf52_libraries\main\Obj\system_nrf52840.o
#        E:\cpp\nrf52_libraries\main\Obj\timer.o
#        E:\cpp\nrf52_libraries\main\Obj\utils.o --no_out_extension -o
#        E:\cpp\nrf52_libraries\main\Exe\libraries.out.tmp --redirect
#        _Printf=_PrintfFullNoMb --redirect _Scanf=_ScanfFullNoMb --map
#        E:\cpp\nrf52_libraries\main\List\libraries.map --config
#        E:\cpp\nrf52_libraries\main\main_nRF5x.icf --keep __checksum
#        --semihosting --entry __iar_program_start --place_holder
#        __checksum,2,.checksum,1 --define_symbol __checksum_begin=0x2000
#        --define_symbol __checksum_end=0x3fffe --inline
#        --merge_duplicate_sections --vfe --text_out locale)
#
###############################################################################

*******************************************************************************
*** RUNTIME MODEL ATTRIBUTES
***

CppFlavor                     = *
__CPP_Exceptions              = Disabled
__CPP_Language                = C++14
__SystemLibrary               = DLib
__dlib_dynamic_initialization = normal
__dlib_version                = 6


*******************************************************************************
*** HEAP SELECTION
***

The basic heap was selected because no calls to memory allocation
functions were found in the application outside of system library
functions, and there are calls to deallocation functions in the
application.


*******************************************************************************
*** PLACEMENT SUMMARY
***

"A0":  place at address 0x2000 { ro section .intvec };
"A1":  place at address 0x3'fffe { ro section .checksum };
"P1":  place in [from 0x2000 to 0x3'ffff] { ro };
define block HEAP with size = 0, alignment = 8 { };
"P2":  place in [from 0x2000'0000 to 0x2003'dfdf] { rw, block HEAP };
define block CSTACK with size = 8K, alignment = 8 { };
"P3":  place in [from 0x2003'dfe0 to 0x2003'ffe0] { block CSTACK };
initialize by copy { rw };
keep { section .intvec };

No sections matched the following patterns:

  ro section bootloader_section  in "A3"
  ro section firmware_type       in "A2"


  Section                Kind         Address    Size  Object
  -------                ----         -------    ----  ------
"A0":                                           0x200
  .intvec                ro code       0x2000   0x200  iar_startup_nrf52840.o [1]
                                     - 0x2200   0x200

"P1":                                          0x1c34
  .text                  ro code       0x2200   0x62c  nrf_hw_pwm.o [1]
  .text                  ro code       0x282c    0x66  ABImemset.o [4]
  .text                  ro code       0x2892    0x3a  zero_init3.o [4]
  .text                  ro code       0x28cc    0x9c  nrf_hw_pwm.o [1]
  .text                  ro code       0x2968   0x4e0  led_driver.o [1]
  .text                  ro code       0x2e48   0x384  timer.o [1]
  .text                  ro code       0x31cc    0x12  led_driver.o [1]
  .text                  ro code       0x31de    0x2e  copy_init3.o [4]
  .text                  ro code       0x320c    0x1a  U32ToDbl.o [3]
  .text                  ro code       0x3226     0x2  iar_startup_nrf52840.o [1]
  .text                  ro code       0x3228    0x52  round.o [3]
  .rodata                const         0x327a     0x1  unwind_debug.o [5]
  .text                  ro code       0x327c    0x3a  DblToS32.o [3]
  .text                  ro code       0x32b8    0x28  DblToU32.o [3]
  .text                  ro code       0x32e0    0x44  timer.o [1]
  .text                  ro code       0x3324    0x5c  timer.o [1]
  .text                  ro code       0x3380    0x4c  timer.o [1]
  .text                  ro code       0x33cc     0xc  timer.o [1]
  .text                  ro code       0x33d8    0x54  timer.o [1]
  .text                  ro code       0x342c     0xc  timer.o [1]
  .text                  ro code       0x3438   0x334  system_nrf52840.o [1]
  .text                  ro code       0x376c   0x1b0  main.o [1]
  .text                  ro code       0x391c   0x120  main.o [1]
  .text                  ro code       0x3a3c    0x14  main.o [1]
  .text                  ro code       0x3a50    0x68  main.o [1]
  .text                  ro code       0x3ab8    0x50  main.o [1]
  .text                  ro code       0x3b08    0x58  main.o [1]
  .text                  ro code       0x3b60    0x18  main.o [1]
  .text                  ro code       0x3b78    0x42  main.o [1]
  .text                  ro code       0x3bba     0xc  main.o [1]
  .text                  ro code       0x3bc6     0xc  main.o [1]
  .text                  ro code       0x3bd2    0x1a  main.o [1]
  .text                  ro code       0x3bec    0x24  S32ToFlt.o [3]
  .text                  ro code       0x3c10    0xd8  FltMul.o [3]
  Initializer bytes      const         0x3ce8    0x58  <for P2-1>
  .text                  ro code       0x3d40    0x28  data_init.o [4]
  .iar.init_table        const         0x3d68    0x28  - Linker created -
  .text                  ro code       0x3d90    0x20  cmain_call_ctors.o [4]
  .text                  ro code       0x3db0    0x18  cppinit.o [2]
  .text                  ro code       0x3dc8    0x1e  cmain.o [4]
  .text                  ro code       0x3de6     0x4  exit.o [2]
  .text                  ro code       0x3dec     0xa  cexit.o [4]
  .text                  ro code       0x3df8    0x14  exit.o [5]
  .text                  ro code       0x3e0c    0x10  iar_startup_nrf52840.o [1]
  .text                  ro code       0x3e1c     0xc  cstartup_M.o [4]
  SHT$$PREINIT_ARRAY                   0x3e28     0x0  <Block>
  SHT$$INIT_ARRAY                      0x3e28     0xc  <Block>
    .init_array          const         0x3e28     0x4  led_driver.o [1]
    .init_array          const         0x3e2c     0x4  main.o [1]
    .init_array          const         0x3e30     0x4  timer.o [1]
  __iar_tls$$INIT_ARRAY                0x3e34     0x0  <Block>
  .rodata                const         0x3e34     0x0  zero_init3.o [4]
  .rodata                const         0x3e34     0x0  copy_init3.o [4]
                                     - 0x3e34  0x1c34

"A1":                                             0x2
  .checksum              const       0x3'fffe     0x2  Place holder __checksum
                                   - 0x4'0000     0x2

"P2", part 1 of 2:                               0x58
  P2-1                            0x2000'0000    0x56  <Init block>
    .data                inited   0x2000'0000    0x20  led_driver.o [1]
    .data                inited   0x2000'0020    0x20  led_driver.o [1]
    .data                inited   0x2000'0040    0x10  nrf_hw_pwm.o [1]
    .data                inited   0x2000'0050     0x4  system_nrf52840.o [1]
    .data                inited   0x2000'0054     0x2  nrf_hw_pwm.o [1]
                                - 0x2000'0056    0x56

"P2", part 2 of 2:                              0x298
  .bss                   zero     0x2000'0058    0xb8  main.o [1]
  .bss                   zero     0x2000'0110    0x38  led_driver.o [1]
  .bss                   zero     0x2000'0148    0x38  led_driver.o [1]
  .bss                   zero     0x2000'0180    0x38  led_driver.o [1]
  .bss                   zero     0x2000'01b8    0x38  led_driver.o [1]
  .bss                   zero     0x2000'01f0    0x38  led_driver.o [1]
  .bss                   zero     0x2000'0228    0x38  led_driver.o [1]
  .bss                   zero     0x2000'0260    0x30  nrf_hw_pwm.o [1]
  .bss                   zero     0x2000'0290    0x20  nrf_hw_pwm.o [1]
  .bss                   zero     0x2000'02b0    0x20  timer.o [1]
  .bss                   zero     0x2000'02d0    0x14  main.o [1]
  .bss                   zero     0x2000'02e4     0x1  timer.o [1]
  .bss                   zero     0x2000'02e8     0x8  timer.o [1]
                                - 0x2000'02f0   0x298

"P3":                                          0x2000
  CSTACK                          0x2003'dfe0  0x2000  <Block>
    CSTACK               uninit   0x2003'dfe0  0x2000  <Block tail>
                                - 0x2003'ffe0  0x2000

Unused ranges:

         From           To      Size
         ----           --      ----
       0x3e34     0x3'fffd  0x3'c1ca
  0x2000'02f0  0x2003'dfdf  0x3'dcf0
  0x2003'ffe0  0x2003'ffe0       0x1


*******************************************************************************
*** INIT TABLE
***

          Address      Size
          -------      ----
Zero (__iar_zero_init3)
    1 destination range, total size 0x298:
          0x2000'0058  0x298

Copy (__iar_copy_init3)
    1 source range, total size 0x58 (102% of destination):
               0x3ce8   0x58
    1 destination range, total size 0x56:
          0x2000'0000   0x56

Extra (__iar_cstart_call_ctors)



*******************************************************************************
*** MODULE SUMMARY
***

    Module                   ro code  ro data  rw data
    ------                   -------  -------  -------
command line/config:
    Place holder __checksum                 2
    --------------------------------------------------
    Total:                                  2

E:\cpp\nrf52_libraries\main\Obj: [1]
    iar_startup_nrf52840.o       530
    led_driver.o               1'266       68      400
    main.o                     1'152        4      204
    nrf_hw_pwm.o               1'736       18       98
    system_nrf52840.o            820        4        4
    timer.o                    1'244        4       41
    --------------------------------------------------
    Total:                     6'748       98      747

dl7M_tlf.a: [2]
    cppinit.o                     24
    exit.o                         4
    --------------------------------------------------
    Total:                        28

m7M_tl.a: [3]
    DblToS32.o                    58
    DblToU32.o                    40
    FltMul.o                     216
    S32ToFlt.o                    36
    U32ToDbl.o                    26
    round.o                       82
    --------------------------------------------------
    Total:                       458

rt7M_tl.a: [4]
    ABImemset.o                  102
    cexit.o                       10
    cmain.o                       30
    cmain_call_ctors.o            32
    copy_init3.o                  46
    cstartup_M.o                  12
    data_init.o                   40
    zero_init3.o                  58
    --------------------------------------------------
    Total:                       330

shb_l.a: [5]
    exit.o                        20
    unwind_debug.o                          1
    --------------------------------------------------
    Total:                        20        1

    Gaps                           7                 3
    Linker created                         42    8'192
------------------------------------------------------
    Grand Total:               7'591      143    8'942


*******************************************************************************
*** ENTRY LIST
***

Entry                       Address   Size  Type      Object
-----                       -------   ----  ----      ------
.iar.init_table$$Base        0x3d68          --   Gb  - Linker created -
.iar.init_table$$Limit       0x3d90          --   Gb  - Linker created -
?main                        0x3dc9         Code  Gb  cmain.o [4]
ADC<(int)6>::ADC(EADCGain, EADCPull, EADCAcquisitionTime, EADCResolution)
                             0x391d  0x120  Code  Gb  main.o [1]
ADC<(int)6>::configChannel(EADCChannels, EADCGain, EADCPull, EADCAcquisitionTime, EADCReferenceVoltage)
                             0x3a51   0x68  Code  Gb  main.o [1]
ADC<(int)6>::deinit()        0x3381   0x4c  Code  Gb  timer.o [1]
ADC<(int)6>::disable()       0x342d    0xc  Code  Gb  timer.o [1]
ADC<(int)6>::enable()        0x33cd    0xc  Code  Gb  timer.o [1]
ADC<(int)6>::init()          0x3325   0x5c  Code  Gb  timer.o [1]
ADC<(int)6>::measure()       0x32e1   0x44  Code  Gb  timer.o [1]
ADC<(int)6>::onIRQ()         0x3b09   0x58  Code  Gb  main.o [1]
ADC<(int)6>::setConvertionEND_IRQ(unsigned char)
                             0x33d9   0x54  Code  Gb  timer.o [1]
ADCChannel_t::ADCChannel_t(EADCChannels, float, float, float)
                             0x3b61   0x18  Code  Gb  main.o [1]
ADCChannel_t::scaleRaw(short)
                             0x3bd3   0x1a  Code  Gb  main.o [1]
CSTACK$$Base            0x2003'dfe0          --   Gb  - Linker created -
CSTACK$$Limit           0x2003'ffe0          --   Gb  - Linker created -
PowerControl::PowerControl(unsigned int, unsigned int, unsigned int, unsigned int, unsigned int)
                             0x3a3d   0x14  Code  Gb  main.o [1]
PowerControl::config(EChargeCurrents)
                             0x3ab9   0x50  Code  Gb  main.o [1]
PowerControl::disableModulePwr()
                             0x3bc7    0xc  Code  Gb  main.o [1]
PowerControl::disableSupply3V0()
                             0x3bbb    0xc  Code  Gb  main.o [1]
PowerControl::enableCharge(EChargeCurrents)
                             0x3b79   0x42  Code  Gb  main.o [1]
Region$$Table$$Base          0x3d68          --   Gb  - Linker created -
Region$$Table$$Limit         0x3d90          --   Gb  - Linker created -
SAADC_IRQHandler             0x38ed    0xa  Code  Gb  main.o [1]
SHT$$INIT_ARRAY$$Base        0x3e28          --   Gb  - Linker created -
SHT$$INIT_ARRAY$$Limit       0x3e34          --   Gb  - Linker created -
SHT$$PREINIT_ARRAY$$Base
                             0x3e28          --   Gb  - Linker created -
SHT$$PREINIT_ARRAY$$Limit
                             0x3e28          --   Gb  - Linker created -
SystemCoreClock         0x2000'0050    0x4  Data  Gb  system_nrf52840.o [1]
SystemCoreClockUpdate        0x3453    0x8  Code  Gb  system_nrf52840.o [1]
SystemInit                   0x345b  0x150  Code  Gb  system_nrf52840.o [1]
TIMER0_IRQHandler            0x3187    0xa  Code  Gb  timer.o [1]
TIMER1_IRQHandler            0x31c5    0x2  Code  Gb  timer.o [1]
TIMER2_IRQHandler            0x31c7    0x2  Code  Gb  timer.o [1]
TIMER3_IRQHandler            0x31c9    0x2  Code  Gb  timer.o [1]
TIMER4_IRQHandler            0x31cb    0x2  Code  Gb  timer.o [1]
Timer::Timer(unsigned char)
                             0x2eb7   0x68  Code  Gb  timer.o [1]
Timer::delay_us(unsigned int)
                             0x30ef   0x20  Code  Gb  timer.o [1]
Timer::get_ms() const        0x30e3    0xc  Code  Gb  timer.o [1]
Timer::increment(unsigned int)
                             0x30c9   0x1a  Code  Gb  timer.o [1]
Timer::init(unsigned int, unsigned int, bool)
                             0x2f1f   0x38  Code  Gb  timer.o [1]
Timer::onIRQ()               0x3121   0x1a  Code  Gb  timer.o [1]
Timer::resume()              0x310f   0x12  Code  Gb  timer.o [1]
Timer::setCaptureCompare(unsigned char, unsigned char, bool)
                             0x3003   0xc6  Code  Gb  timer.o [1]
Timer::setIRQ(unsigned char, unsigned char)
                             0x2f57   0xac  Code  Gb  timer.o [1]
[local to main_cpp]::nrf_gpio_cfg(unsigned int, nrf_gpio_pin_dir_t, nrf_gpio_pin_input_t, nrf_gpio_pin_pull_t, nrf_gpio_pin_drive_t, nrf_gpio_pin_sense_t)
                             0x37af   0x48  Code  Lc  main.o [1]
[local to main_cpp]::nrf_gpio_cfg_input(unsigned int, nrf_gpio_pin_pull_t)
                             0x3811   0x1e  Code  Lc  main.o [1]
[local to main_cpp]::nrf_gpio_cfg_output(unsigned int)
                             0x37f7   0x1a  Code  Lc  main.o [1]
[local to main_cpp]::nrf_gpio_pin_clear(unsigned int)
                             0x382f   0x1a  Code  Lc  main.o [1]
[local to main_cpp]::nrf_gpio_pin_port_decode(unsigned int *)
                             0x3795   0x1a  Code  Lc  main.o [1]
[local to main_cpp]::nrf_gpio_port_out_clear(NRF_GPIO_Type *, unsigned int)
                             0x3849    0x6  Code  Lc  main.o [1]
[local to nrf_hw_pwm_cpp]::nrf_gpio_cfg(unsigned int, nrf_gpio_pin_dir_t, nrf_gpio_pin_input_t, nrf_gpio_pin_pull_t, nrf_gpio_pin_drive_t, nrf_gpio_pin_sense_t)
                             0x223b   0x48  Code  Lc  nrf_hw_pwm.o [1]
[local to nrf_hw_pwm_cpp]::nrf_gpio_cfg_output(unsigned int)
                             0x2283   0x1a  Code  Lc  nrf_hw_pwm.o [1]
[local to nrf_hw_pwm_cpp]::nrf_gpio_pin_port_decode(unsigned int *)
                             0x221f   0x1c  Code  Lc  nrf_hw_pwm.o [1]
[local to system_nrf52840_c]::NVIC_SystemReset()
                             0x3439   0x1a  Code  Lc  system_nrf52840.o [1]
[local to system_nrf52840_c]::errata_103()
                             0x361b   0x18  Code  Lc  system_nrf52840.o [1]
[local to system_nrf52840_c]::errata_115()
                             0x3633   0x18  Code  Lc  system_nrf52840.o [1]
[local to system_nrf52840_c]::errata_120()
                             0x364b   0x18  Code  Lc  system_nrf52840.o [1]
[local to system_nrf52840_c]::errata_136()
                             0x3663   0x2c  Code  Lc  system_nrf52840.o [1]
[local to system_nrf52840_c]::errata_36()
                             0x35ab   0x2c  Code  Lc  system_nrf52840.o [1]
[local to system_nrf52840_c]::errata_66()
                             0x35d7   0x2c  Code  Lc  system_nrf52840.o [1]
[local to system_nrf52840_c]::errata_98()
                             0x3603   0x18  Code  Lc  system_nrf52840.o [1]
[local to timer_cpp]::NVIC_ClearPendingIRQ(IRQn_Type)
                             0x2e6f   0x18  Code  Lc  timer.o [1]
[local to timer_cpp]::NVIC_EnableIRQ(IRQn_Type)
                             0x2e57   0x18  Code  Lc  timer.o [1]
[local to timer_cpp]::NVIC_SetPriority(IRQn_Type, unsigned int)
                             0x2e87   0x30  Code  Lc  timer.o [1]
__Vectors                    0x2000          --   Gb  iar_startup_nrf52840.o [1]
__Vectors_End                0x2200         Data  Gb  iar_startup_nrf52840.o [1]
__Vectors_Size {Abs}          0x200          --   Gb  iar_startup_nrf52840.o [1]
__aeabi_d2iz                 0x327d         Code  Gb  DblToS32.o [3]
__aeabi_d2uiz                0x32b9         Code  Gb  DblToU32.o [3]
__aeabi_fmul                 0x3c11         Code  Gb  FltMul.o [3]
__aeabi_i2f                  0x3bed         Code  Gb  S32ToFlt.o [3]
__aeabi_memset               0x282d         Code  Gb  ABImemset.o [4]
__aeabi_ui2d                 0x320d         Code  Gb  U32ToDbl.o [3]
__call_ctors                 0x3db1   0x18  Code  Gb  cppinit.o [2]
__checksum                 0x3'fffe    0x2  Data  Gb  Place holder __checksum
__checksum_begin {Abs}       0x2000         Data  Gb  <internal module>
__checksum_end {Abs}       0x3'fffe         Data  Gb  <internal module>
__cmain                      0x3dc9         Code  Gb  cmain.o [4]
__exit                       0x3df9   0x14  Code  Gb  exit.o [5]
__iar_Memset                 0x282d         Code  Gb  ABImemset.o [4]
__iar_Memset_word            0x2835         Code  Gb  ABImemset.o [4]
__iar_copy_init3             0x31df   0x2e  Code  Gb  copy_init3.o [4]
__iar_cstart_call_ctors
                             0x3d91   0x20  Code  Gb  cmain_call_ctors.o [4]
__iar_data_init3             0x3d41   0x28  Code  Gb  data_init.o [4]
__iar_debug_exceptions       0x327a    0x1  Data  Gb  unwind_debug.o [5]
__iar_program_start          0x3e1d         Code  Gb  cstartup_M.o [4]
__iar_round64                0x3229         Code  Gb  round.o [3]
__iar_tls$$INIT_ARRAY$$Base
                             0x3e34          --   Gb  - Linker created -
__iar_tls$$INIT_ARRAY$$Limit
                             0x3e34          --   Gb  - Linker created -
__iar_zero_init3             0x2893   0x3a  Code  Gb  zero_init3.o [4]
__sti__routine               0x2969   0x92  Code  Lc  led_driver.o [1]
__sti__routine               0x376d   0x28  Code  Lc  main.o [1]
__sti__routine               0x2e49    0xe  Code  Lc  timer.o [1]
__vector_table               0x2000         Data  Gb  iar_startup_nrf52840.o [1]
_call_main                   0x3dd5         Code  Gb  cmain.o [4]
_exit                        0x3ded         Code  Gb  cexit.o [4]
_main                        0x3de3         Code  Gb  cmain.o [4]
adc_unite               0x2000'0058   0xb8  Data  Gb  main.o [1]
bl_btn_led              0x2000'01b8   0x38  Data  Gb  led_driver.o [1]
board_power             0x2000'02d0   0x14  Data  Gb  main.o [1]
btn_pr_led              0x2000'01f0   0x38  Data  Gb  led_driver.o [1]
charge_bar              0x2000'0110   0x38  Data  Gb  led_driver.o [1]
exit                         0x3de7    0x4  Code  Gb  exit.o [2]
green_led               0x2000'0180   0x38  Data  Gb  led_driver.o [1]
int nod<int>(int, int)       0x31cd   0x12  Code  Gb  led_driver.o [1]
kb_led                  0x2000'0228   0x38  Data  Gb  led_driver.o [1]
led_2_port_list         0x2000'0000   0x20  Data  Gb  led_driver.o [1]
led_driver::_fade()          0x2beb   0xe8  Code  Gb  led_driver.o [1]
led_driver::_fade_down()
                             0x2d61   0x8c  Code  Gb  led_driver.o [1]
led_driver::_fade_up()       0x2cd3   0x8e  Code  Gb  led_driver.o [1]
led_driver::_stop()          0x2b81   0x34  Code  Gb  led_driver.o [1]
led_driver::handle()         0x2bb5   0x36  Code  Gb  led_driver.o [1]
led_driver::led_driver(unsigned int, Timer *, unsigned short, unsigned int)
                             0x29fb   0x7c  Code  Gb  led_driver.o [1]
led_driver::led_driver(unsigned int, unsigned int, unsigned int, unsigned short, Timer *, unsigned short, unsigned int)
                             0x2a77   0x94  Code  Gb  led_driver.o [1]
led_driver::run(int)         0x2b6f   0x12  Code  Gb  led_driver.o [1]
led_driver::set_fadetime(unsigned int)
                             0x2b0b   0x64  Code  Gb  led_driver.o [1]
led_drivers_handle()         0x2ded   0x38  Code  Gb  led_driver.o [1]
led_list                0x2000'0020   0x20  Data  Gb  led_driver.o [1]
main                         0x384f   0x9e  Code  Gb  main.o [1]
nrf_hw_pwm::_is_enabled(unsigned char)
                             0x25a3   0x1c  Code  Gb  nrf_hw_pwm.o [1]
nrf_hw_pwm::_led_2_channel(unsigned char)
                             0x2531   0x40  Code  Gb  nrf_hw_pwm.o [1]
nrf_hw_pwm::_old_chrg_bar_state
                        0x2000'0054    0x2  Data  Gb  nrf_hw_pwm.o [1]
nrf_hw_pwm::_pin_2_led(unsigned int)
                             0x2571   0x32  Code  Gb  nrf_hw_pwm.o [1]
nrf_hw_pwm::_pin_allocation_map
                        0x2000'0260   0x30  Data  Gb  nrf_hw_pwm.o [1]
nrf_hw_pwm::_pwm_dev    0x2000'0040   0x10  Data  Gb  nrf_hw_pwm.o [1]
nrf_hw_pwm::_run_sequence(unsigned char)
                             0x268f   0x14  Code  Gb  nrf_hw_pwm.o [1]
nrf_hw_pwm::_seq_0      0x2000'0290   0x20  Data  Gb  nrf_hw_pwm.o [1]
nrf_hw_pwm::_setup(unsigned char)
                             0x25d7   0xb8  Code  Gb  nrf_hw_pwm.o [1]
nrf_hw_pwm::add_pin(unsigned int)
                             0x23eb  0x146  Code  Gb  nrf_hw_pwm.o [1]
nrf_hw_pwm::get_led_num(unsigned int)
                             0x26a3   0x26  Code  Gb  nrf_hw_pwm.o [1]
nrf_hw_pwm::nrf_hw_pwm() [subobject]
                             0x2201    0xc  Code  Gb  nrf_hw_pwm.o [1]
nrf_hw_pwm::nrf_hw_pwm(unsigned short, unsigned int, unsigned int, unsigned int)
                             0x229d   0xda  Code  Gb  nrf_hw_pwm.o [1]
nrf_hw_pwm::nrf_hw_pwm(unsigned short, unsigned int, unsigned int, unsigned int) [subobject]
                             0x220d   0x12  Code  Gb  nrf_hw_pwm.o [1]
nrf_hw_pwm::set_chrg_bar(short)
                             0x26c9  0x14a  Code  Gb  nrf_hw_pwm.o [1]
nrf_hw_pwm::set_clock_div(unsigned char)
                             0x238f   0x5c  Code  Gb  nrf_hw_pwm.o [1]
nrf_hw_pwm::set_max_value(unsigned char, unsigned int)
                             0x2377   0x18  Code  Gb  nrf_hw_pwm.o [1]
nrf_hw_pwm::start(unsigned char)
                             0x25bf   0x18  Code  Gb  nrf_hw_pwm.o [1]
nrf_hw_pwm::write_chnl(unsigned char, unsigned int, bool)
                             0x28cd   0x9c  Code  Gb  nrf_hw_pwm.o [1]
red_led                 0x2000'0148   0x38  Data  Gb  led_driver.o [1]
round                        0x3229         Code  Gb  round.o [3]
roundl                       0x3229         Code  Gb  round.o [3]
sys_timer               0x2000'02b0   0x20  Data  Gb  timer.o [1]
sys_timer_callback(uint32_t)::activeLeds
                        0x2000'02e4    0x1  Data  Lc  timer.o [1]
sys_timer_callback(uint32_t)::adcTmr
                        0x2000'02e8    0x8  Data  Lc  timer.o [1]
sys_timer_callback(unsigned int)
                             0x313b   0x4c  Code  Gb  timer.o [1]


[1] = E:\cpp\nrf52_libraries\main\Obj
[2] = dl7M_tlf.a
[3] = m7M_tl.a
[4] = rt7M_tl.a
[5] = shb_l.a

  7'591 bytes of readonly  code memory
    143 bytes of readonly  data memory
  8'942 bytes of readwrite data memory

Errors: none
Warnings: none
