###############################################################################
#
# IAR ELF Linker V8.40.1.212/W32 for ARM                  05/Feb/2021  13:10:43
# Copyright 2007-2019 IAR Systems AB.
#
#    Output file  =  E:\cpp\nrf52_libraries\main\Exe\libraries.out.tmp
#    Map file     =  E:\cpp\nrf52_libraries\main\List\libraries.map
#    Command line =
#        -f C:\Users\IF385~1.SHO\AppData\Local\Temp\EWF136.tmp
#        (E:\cpp\nrf52_libraries\main\Obj\iar_startup_nrf52840.o
#        E:\cpp\nrf52_libraries\main\Obj\led_driver.o
#        E:\cpp\nrf52_libraries\main\Obj\main.o
#        E:\cpp\nrf52_libraries\main\Obj\nrf_hw_pwm.o
#        E:\cpp\nrf52_libraries\main\Obj\PowerControl.o
#        E:\cpp\nrf52_libraries\main\Obj\system_nrf52.o
#        E:\cpp\nrf52_libraries\main\Obj\system_nrf52840.o
#        E:\cpp\nrf52_libraries\main\Obj\timer.o
#        E:\cpp\nrf52_libraries\main\Obj\utils.o --no_out_extension -o
#        E:\cpp\nrf52_libraries\main\Exe\libraries.out.tmp --redirect
#        _Printf=_PrintfFullNoMb --redirect _Scanf=_ScanfFullNoMb --map
#        E:\cpp\nrf52_libraries\main\List\libraries.map --config
#        E:\cpp\nrf52_libraries\main\main_nRF5x.icf --keep __checksum
#        --semihosting --entry __iar_program_start --place_holder
#        __checksum,2,.checksum,1 --define_symbol __checksum_begin=0x2000
#        --define_symbol __checksum_end=0x3fffe --inline
#        --merge_duplicate_sections --vfe --text_out locale)
#
###############################################################################

*******************************************************************************
*** RUNTIME MODEL ATTRIBUTES
***

CppFlavor                     = *
__CPP_Exceptions              = Disabled
__CPP_Language                = C++14
__SystemLibrary               = DLib
__dlib_dynamic_initialization = normal
__dlib_version                = 6


*******************************************************************************
*** HEAP SELECTION
***

The basic heap was selected because no calls to memory allocation
functions were found in the application outside of system library
functions, and there are calls to deallocation functions in the
application.


*******************************************************************************
*** PLACEMENT SUMMARY
***

"A0":  place at address 0x2000 { ro section .intvec };
"A1":  place at address 0x3'fffe { ro section .checksum };
"P1":  place in [from 0x2000 to 0x3'ffff] { ro };
define block HEAP with size = 0, alignment = 8 { };
"P2":  place in [from 0x2000'0000 to 0x2003'dfdf] { rw, block HEAP };
define block CSTACK with size = 8K, alignment = 8 { };
"P3":  place in [from 0x2003'dfe0 to 0x2003'ffe0] { block CSTACK };
initialize by copy { rw };
keep { section .intvec };

No sections matched the following patterns:

  ro section bootloader_section  in "A3"
  ro section firmware_type       in "A2"


  Section                Kind         Address    Size  Object
  -------                ----         -------    ----  ------
"A0":                                           0x200
  .intvec                ro code       0x2000   0x200  iar_startup_nrf52840.o [1]
                                     - 0x2200   0x200

"P1":                                          0x2b34
  .text                  ro code       0x2200   0x62c  nrf_hw_pwm.o [1]
  .text                  ro code       0x282c    0x66  ABImemset.o [4]
  .text                  ro code       0x2892    0x3a  zero_init3.o [4]
  .text                  ro code       0x28cc    0x9c  nrf_hw_pwm.o [1]
  .text                  ro code       0x2968   0x55c  PowerControl.o [1]
  .text                  ro code       0x2ec4     0xc  PowerControl.o [1]
  .text                  ro code       0x2ed0     0xc  PowerControl.o [1]
  .text                  ro code       0x2edc    0x46  PowerControl.o [1]
  .text                  ro code       0x2f22    0x2e  copy_init3.o [4]
  .text                  ro code       0x2f50    0x86  ABImemcpy.o [4]
  .text                  ro code       0x2fd6     0x2  iar_startup_nrf52840.o [1]
  .text                  ro code       0x2fd8    0x24  FltCmpGe.o [3]
  .text                  ro code       0x2ffc    0x48  FltToDbl.o [3]
  .text                  ro code       0x3044   0x17a  DblAdd.o [3]
  .rodata                const         0x31be     0x1  unwind_debug.o [5]
  .text                  ro code       0x31c0    0x68  DblToFlt.o [3]
  .text                  ro code       0x3228    0x24  FltCmpLe.o [3]
  .text                  ro code       0x324c    0x80  FltSub.o [3]
  .text                  ro code       0x32cc   0x1a2  DblMul.o [3]
  .text                  ro code       0x3470   0x246  DblDiv.o [3]
  .text                  ro code       0x36b8   0x3c0  timer.o [1]
  .text                  ro code       0x3a78    0x12  PowerControl.o [1]
  .text                  ro code       0x3a8c    0xe2  FltAdd.o [3]
  .text                  ro code       0x3b70    0x36  utils.o [1]
  .text                  ro code       0x3ba8    0x18  PowerControl.o [1]
  .text                  ro code       0x3bc0    0x90  PowerControl.o [1]
  .text                  ro code       0x3c50    0xe2  DblSub.o [3]
  .text                  ro code       0x3d34   0x4e0  led_driver.o [1]
  .text                  ro code       0x4214    0x30  timer.o [1]
  .text                  ro code       0x4244    0xd8  FltMul.o [3]
  .text                  ro code       0x431c    0x12  led_driver.o [1]
  .text                  ro code       0x4330    0x1a  U32ToDbl.o [3]
  .text                  ro code       0x434c    0x52  round.o [3]
  .text                  ro code       0x43a0    0x3a  DblToS32.o [3]
  .text                  ro code       0x43dc    0x28  DblToU32.o [3]
  .text                  ro code       0x4404    0xd8  timer.o [1]
  .text                  ro code       0x44dc     0xc  timer.o [1]
  .text                  ro code       0x44e8    0x54  timer.o [1]
  .text                  ro code       0x453c   0x334  system_nrf52840.o [1]
  .text                  ro code       0x4870   0x134  main.o [1]
  .text                  ro code       0x49a4    0x18  main.o [1]
  .text                  ro code       0x49bc    0x10  main.o [1]
  .text                  ro code       0x49cc    0xb4  main.o [1]
  .text                  ro code       0x4a80    0x4a  main.o [1]
  .text                  ro code       0x4acc    0x60  main.o [1]
  .text                  ro code       0x4b2c    0x1a  main.o [1]
  .text                  ro code       0x4b48    0x54  main.o [1]
  .text                  ro code       0x4b9c    0x24  S32ToFlt.o [3]
  .text                  ro code       0x4bc0     0xc  main.o [1]
  Initializer bytes      const         0x4bcc    0x5c  <for P2-1>
  .text                  ro code       0x4c28    0x28  data_init.o [4]
  .iar.init_table        const         0x4c50    0x28  - Linker created -
  .text                  ro code       0x4c78    0x20  cmain_call_ctors.o [4]
  .text                  ro code       0x4c98    0x18  cppinit.o [2]
  .text                  ro code       0x4cb0    0x1e  cmain.o [4]
  .text                  ro code       0x4cce     0x4  exit.o [2]
  .text                  ro code       0x4cd4     0xa  cexit.o [4]
  .text                  ro code       0x4ce0    0x14  exit.o [5]
  .rodata                const         0x4cf4    0x18  PowerControl.o [1]
  .text                  ro code       0x4d0c    0x10  iar_startup_nrf52840.o [1]
  .text                  ro code       0x4d1c     0xc  cstartup_M.o [4]
  SHT$$PREINIT_ARRAY                   0x4d28     0x0  <Block>
  SHT$$INIT_ARRAY                      0x4d28     0xc  <Block>
    .init_array          const         0x4d28     0x4  led_driver.o [1]
    .init_array          const         0x4d2c     0x4  main.o [1]
    .init_array          const         0x4d30     0x4  timer.o [1]
  __iar_tls$$INIT_ARRAY                0x4d34     0x0  <Block>
  .rodata                const         0x4d34     0x0  zero_init3.o [4]
  .rodata                const         0x4d34     0x0  copy_init3.o [4]
                                     - 0x4d34  0x2b34

"A1":                                             0x2
  .checksum              const       0x3'fffe     0x2  Place holder __checksum
                                   - 0x4'0000     0x2

"P2", part 1 of 2:                               0x5c
  P2-1                            0x2000'0000    0x5b  <Init block>
    .data                inited   0x2000'0000    0x20  led_driver.o [1]
    .data                inited   0x2000'0020    0x20  led_driver.o [1]
    .data                inited   0x2000'0040    0x10  nrf_hw_pwm.o [1]
    .data                inited   0x2000'0050     0x4  system_nrf52840.o [1]
    .data                inited   0x2000'0054     0x4  utils.o [1]
    .data                inited   0x2000'0058     0x2  nrf_hw_pwm.o [1]
    .data                inited   0x2000'005a     0x1  PowerControl.o [1]
                                - 0x2000'005b    0x5b

"P2", part 2 of 2:                              0x2dc
  .bss                   zero     0x2000'0060    0xd0  main.o [1]
  .bss                   zero     0x2000'0130    0x38  led_driver.o [1]
  .bss                   zero     0x2000'0168    0x38  led_driver.o [1]
  .bss                   zero     0x2000'01a0    0x38  led_driver.o [1]
  .bss                   zero     0x2000'01d8    0x38  led_driver.o [1]
  .bss                   zero     0x2000'0210    0x38  led_driver.o [1]
  .bss                   zero     0x2000'0248    0x38  led_driver.o [1]
  .bss                   zero     0x2000'0280    0x30  main.o [1]
  .bss                   zero     0x2000'02b0    0x30  nrf_hw_pwm.o [1]
  .bss                   zero     0x2000'02e0    0x20  nrf_hw_pwm.o [1]
  .bss                   zero     0x2000'0300    0x20  timer.o [1]
  .bss                   zero     0x2000'0320     0x8  PowerControl.o [1]
  .bss                   zero     0x2000'0328     0x8  timer.o [1]
  .bss                   zero     0x2000'0330     0x4  PowerControl.o [1]
  .bss                   zero     0x2000'0334     0x1  PowerControl.o [1]
  .bss                   zero     0x2000'0335     0x1  timer.o [1]
                                - 0x2000'0336   0x2da

"P3":                                          0x2000
  CSTACK                          0x2003'dfe0  0x2000  <Block>
    CSTACK               uninit   0x2003'dfe0  0x2000  <Block tail>
                                - 0x2003'ffe0  0x2000

Unused ranges:

         From           To      Size
         ----           --      ----
       0x4d34     0x3'fffd  0x3'b2ca
  0x2000'0338  0x2003'dfdf  0x3'dca8
  0x2003'ffe0  0x2003'ffe0       0x1


*******************************************************************************
*** INIT TABLE
***

          Address      Size
          -------      ----
Zero (__iar_zero_init3)
    1 destination range, total size 0x2d6:
          0x2000'0060  0x2d6

Copy (__iar_copy_init3)
    1 source range, total size 0x5c (101% of destination):
               0x4bcc   0x5c
    1 destination range, total size 0x5b:
          0x2000'0000   0x5b

Extra (__iar_cstart_call_ctors)



*******************************************************************************
*** MODULE SUMMARY
***

    Module                   ro code  ro data  rw data
    ------                   -------  -------  -------
command line/config:
    Place holder __checksum                 2
    --------------------------------------------------
    Total:                                  2

E:\cpp\nrf52_libraries\main\Obj: [1]
    PowerControl.o             1'652       25       14
    iar_startup_nrf52840.o       530
    led_driver.o               1'266       68      400
    main.o                       820        4      256
    nrf_hw_pwm.o               1'736       18       98
    system_nrf52840.o            820        4        4
    timer.o                    1'320        4       41
    utils.o                       54        4        4
    --------------------------------------------------
    Total:                     8'198      127      817

dl7M_tlf.a: [2]
    cppinit.o                     24
    exit.o                         4
    --------------------------------------------------
    Total:                        28

m7M_tl.a: [3]
    DblAdd.o                     378
    DblDiv.o                     582
    DblMul.o                     418
    DblSub.o                     226
    DblToFlt.o                   104
    DblToS32.o                    58
    DblToU32.o                    40
    FltAdd.o                     226
    FltCmpGe.o                    36
    FltCmpLe.o                    36
    FltMul.o                     216
    FltSub.o                     128
    FltToDbl.o                    72
    S32ToFlt.o                    36
    U32ToDbl.o                    26
    round.o                       82
    --------------------------------------------------
    Total:                     2'664

rt7M_tl.a: [4]
    ABImemcpy.o                  134
    ABImemset.o                  102
    cexit.o                       10
    cmain.o                       30
    cmain_call_ctors.o            32
    copy_init3.o                  46
    cstartup_M.o                  12
    data_init.o                   40
    zero_init3.o                  58
    --------------------------------------------------
    Total:                       464

shb_l.a: [5]
    exit.o                        20
    unwind_debug.o                          1
    --------------------------------------------------
    Total:                        20        1

    Gaps                          29                 4
    Linker created                         41    8'192
------------------------------------------------------
    Grand Total:              11'403      171    9'013


*******************************************************************************
*** ENTRY LIST
***

Entry                       Address   Size  Type      Object
-----                       -------   ----  ----      ------
.iar.init_table$$Base        0x4c50          --   Gb  - Linker created -
.iar.init_table$$Limit       0x4c78          --   Gb  - Linker created -
?main                        0x4cb1         Code  Gb  cmain.o [4]
ADC<(int)6>::ADC(EADCResolution)
                             0x4871  0x134  Code  Gb  main.o [1]
ADC<(int)6>::deinit()        0x4b49   0x54  Code  Gb  main.o [1]
ADC<(int)6>::disable()       0x4bc1    0xc  Code  Gb  main.o [1]
ADC<(int)6>::enable()        0x44dd    0xc  Code  Gb  timer.o [1]
ADC<(int)6>::get(EADCChannels)
                             0x2edd   0x46  Code  Gb  PowerControl.o [1]
ADC<(int)6>::init()          0x4405   0xd8  Code  Gb  timer.o [1]
ADC<(int)6>::isBusy()        0x3ba9   0x18  Code  Gb  PowerControl.o [1]
ADC<(int)6>::measure()       0x4215   0x30  Code  Gb  timer.o [1]
ADC<(int)6>::onIRQ()         0x4acd   0x60  Code  Gb  main.o [1]
ADC<(int)6>::setConvertionEND_IRQ(unsigned char)
                             0x44e9   0x54  Code  Gb  timer.o [1]
ADCChannel_t::ADCChannel_t(EADCChannels, float, float, float)
                             0x49a5   0x18  Code  Gb  main.o [1]
ADCChannel_t::filterData()
                             0x3bc1   0x90  Code  Gb  PowerControl.o [1]
ADCChannel_t::scaleRaw(short)
                             0x4b2d   0x1a  Code  Gb  main.o [1]
ADCConfig_t::ADCConfig_t(EADCGain, EADCPull, EADCAcquisitionTime, EADCReferenceVoltage)
                             0x49bd   0x10  Code  Gb  main.o [1]
CSTACK$$Base            0x2003'dfe0          --   Gb  - Linker created -
CSTACK$$Limit           0x2003'ffe0          --   Gb  - Linker created -
PowerControl::PowerControl(unsigned int, ADC<(int)6> &, Timer &, led_driver **, unsigned int, unsigned int, unsigned int, unsigned int)
                             0x4a81   0x4a  Code  Gb  main.o [1]
PowerControl::config(EChargeCurrents)
                             0x2a45   0x4e  Code  Gb  PowerControl.o [1]
PowerControl::disableCharge()
                             0x3a79   0x12  Code  Gb  PowerControl.o [1]
PowerControl::disableModulePwr()
                             0x2ed1    0xc  Code  Gb  PowerControl.o [1]
PowerControl::disableSupply3V0()
                             0x2ec5    0xc  Code  Gb  PowerControl.o [1]
PowerControl::enableCharge(EChargeCurrents)
                             0x2a93   0x42  Code  Gb  PowerControl.o [1]
PowerControl::getBatteryVoltagePercent()
                             0x2afb  0x138  Code  Gb  PowerControl.o [1]
PowerControl::getBatteryVoltagePercent()::prev_vbat
                        0x2000'0330    0x4  Data  Lc  PowerControl.o [1]
PowerControl::getChargerStatus()
                             0x2ad5   0x26  Code  Gb  PowerControl.o [1]
PowerControl::handle()       0x2c33  0x154  Code  Gb  PowerControl.o [1]
PowerControl::handle()::chargingTmr
                        0x2000'0320    0x8  Data  Lc  PowerControl.o [1]
PowerControl::hideBatt()
                             0x2ea5   0x20  Code  Gb  PowerControl.o [1]
PowerControl::showBatt()
                             0x2d87   0xb4  Code  Gb  PowerControl.o [1]
PowerControl::showBatt()::current_bar_value
                        0x2000'005a    0x1  Data  Lc  PowerControl.o [1]
PowerControl::showBatt()::last_bar_value
                        0x2000'0334    0x1  Data  Lc  PowerControl.o [1]
Region$$Table$$Base          0x4c50          --   Gb  - Linker created -
Region$$Table$$Limit         0x4c78          --   Gb  - Linker created -
SAADC_IRQHandler             0x4a51    0xa  Code  Gb  main.o [1]
SHT$$INIT_ARRAY$$Base        0x4d28          --   Gb  - Linker created -
SHT$$INIT_ARRAY$$Limit       0x4d34          --   Gb  - Linker created -
SHT$$PREINIT_ARRAY$$Base
                             0x4d28          --   Gb  - Linker created -
SHT$$PREINIT_ARRAY$$Limit
                             0x4d28          --   Gb  - Linker created -
SystemCoreClock         0x2000'0050    0x4  Data  Gb  system_nrf52840.o [1]
SystemCoreClockUpdate        0x4557    0x8  Code  Gb  system_nrf52840.o [1]
SystemInit                   0x455f  0x150  Code  Gb  system_nrf52840.o [1]
TIMER0_IRQHandler            0x3a29    0xa  Code  Gb  timer.o [1]
TIMER1_IRQHandler            0x3a71    0x2  Code  Gb  timer.o [1]
TIMER2_IRQHandler            0x3a73    0x2  Code  Gb  timer.o [1]
TIMER3_IRQHandler            0x3a75    0x2  Code  Gb  timer.o [1]
TIMER4_IRQHandler            0x3a77    0x2  Code  Gb  timer.o [1]
Timer::Timer(unsigned char)
                             0x3727   0x68  Code  Gb  timer.o [1]
Timer::delay_ms(unsigned int)
                             0x395f   0x32  Code  Gb  timer.o [1]
Timer::delay_us(unsigned int)
                             0x3991   0x20  Code  Gb  timer.o [1]
Timer::get_ms() const        0x3953    0xc  Code  Gb  timer.o [1]
Timer::increment(unsigned int)
                             0x3939   0x1a  Code  Gb  timer.o [1]
Timer::init(unsigned int, unsigned int, bool)
                             0x378f   0x38  Code  Gb  timer.o [1]
Timer::onIRQ()               0x39c3   0x1a  Code  Gb  timer.o [1]
Timer::resume()              0x39b1   0x12  Code  Gb  timer.o [1]
Timer::setCaptureCompare(unsigned char, unsigned char, bool)
                             0x3873   0xc6  Code  Gb  timer.o [1]
Timer::setIRQ(unsigned char, unsigned char)
                             0x37c7   0xac  Code  Gb  timer.o [1]
[local to PowerControl_cpp]::nrf_gpio_cfg(unsigned int, nrf_gpio_pin_dir_t, nrf_gpio_pin_input_t, nrf_gpio_pin_pull_t, nrf_gpio_pin_drive_t, nrf_gpio_pin_sense_t)
                             0x2985   0x48  Code  Lc  PowerControl.o [1]
[local to PowerControl_cpp]::nrf_gpio_cfg_input(unsigned int, nrf_gpio_pin_pull_t)
                             0x29e7   0x1e  Code  Lc  PowerControl.o [1]
[local to PowerControl_cpp]::nrf_gpio_cfg_output(unsigned int)
                             0x29cd   0x1a  Code  Lc  PowerControl.o [1]
[local to PowerControl_cpp]::nrf_gpio_pin_clear(unsigned int)
                             0x2a1f   0x1a  Code  Lc  PowerControl.o [1]
[local to PowerControl_cpp]::nrf_gpio_pin_port_decode(unsigned int *)
                             0x2969   0x1c  Code  Lc  PowerControl.o [1]
[local to PowerControl_cpp]::nrf_gpio_pin_set(unsigned int)
                             0x2a05   0x1a  Code  Lc  PowerControl.o [1]
[local to PowerControl_cpp]::nrf_gpio_port_out_clear(NRF_GPIO_Type *, unsigned int)
                             0x2a3f    0x6  Code  Lc  PowerControl.o [1]
[local to PowerControl_cpp]::nrf_gpio_port_out_set(NRF_GPIO_Type *, unsigned int)
                             0x2a39    0x6  Code  Lc  PowerControl.o [1]
[local to nrf_hw_pwm_cpp]::nrf_gpio_cfg(unsigned int, nrf_gpio_pin_dir_t, nrf_gpio_pin_input_t, nrf_gpio_pin_pull_t, nrf_gpio_pin_drive_t, nrf_gpio_pin_sense_t)
                             0x223b   0x48  Code  Lc  nrf_hw_pwm.o [1]
[local to nrf_hw_pwm_cpp]::nrf_gpio_cfg_output(unsigned int)
                             0x2283   0x1a  Code  Lc  nrf_hw_pwm.o [1]
[local to nrf_hw_pwm_cpp]::nrf_gpio_pin_port_decode(unsigned int *)
                             0x221f   0x1c  Code  Lc  nrf_hw_pwm.o [1]
[local to system_nrf52840_c]::NVIC_SystemReset()
                             0x453d   0x1a  Code  Lc  system_nrf52840.o [1]
[local to system_nrf52840_c]::errata_103()
                             0x471f   0x18  Code  Lc  system_nrf52840.o [1]
[local to system_nrf52840_c]::errata_115()
                             0x4737   0x18  Code  Lc  system_nrf52840.o [1]
[local to system_nrf52840_c]::errata_120()
                             0x474f   0x18  Code  Lc  system_nrf52840.o [1]
[local to system_nrf52840_c]::errata_136()
                             0x4767   0x2c  Code  Lc  system_nrf52840.o [1]
[local to system_nrf52840_c]::errata_36()
                             0x46af   0x2c  Code  Lc  system_nrf52840.o [1]
[local to system_nrf52840_c]::errata_66()
                             0x46db   0x2c  Code  Lc  system_nrf52840.o [1]
[local to system_nrf52840_c]::errata_98()
                             0x4707   0x18  Code  Lc  system_nrf52840.o [1]
[local to timer_cpp]::NVIC_ClearPendingIRQ(IRQn_Type)
                             0x36df   0x18  Code  Lc  timer.o [1]
[local to timer_cpp]::NVIC_EnableIRQ(IRQn_Type)
                             0x36c7   0x18  Code  Lc  timer.o [1]
[local to timer_cpp]::NVIC_SetPriority(IRQn_Type, unsigned int)
                             0x36f7   0x30  Code  Lc  timer.o [1]
__Vectors                    0x2000          --   Gb  iar_startup_nrf52840.o [1]
__Vectors_End                0x2200         Data  Gb  iar_startup_nrf52840.o [1]
__Vectors_Size {Abs}          0x200          --   Gb  iar_startup_nrf52840.o [1]
__aeabi_cfcmple              0x3229         Code  Gb  FltCmpLe.o [3]
__aeabi_cfrcmple             0x2fd9         Code  Gb  FltCmpGe.o [3]
__aeabi_d2f                  0x31c1         Code  Gb  DblToFlt.o [3]
__aeabi_d2iz                 0x43a1         Code  Gb  DblToS32.o [3]
__aeabi_d2uiz                0x43dd         Code  Gb  DblToU32.o [3]
__aeabi_dadd                 0x3045         Code  Gb  DblAdd.o [3]
__aeabi_ddiv                 0x3471         Code  Gb  DblDiv.o [3]
__aeabi_dmul                 0x32cd         Code  Gb  DblMul.o [3]
__aeabi_dsub                 0x3c51         Code  Gb  DblSub.o [3]
__aeabi_f2d                  0x2ffd         Code  Gb  FltToDbl.o [3]
__aeabi_fadd                 0x3a8d         Code  Gb  FltAdd.o [3]
__aeabi_fmul                 0x4245         Code  Gb  FltMul.o [3]
__aeabi_fsub                 0x324d         Code  Gb  FltSub.o [3]
__aeabi_i2f                  0x4b9d         Code  Gb  S32ToFlt.o [3]
__aeabi_memcpy4              0x2f51         Code  Gb  ABImemcpy.o [4]
__aeabi_memcpy8              0x2f51         Code  Gb  ABImemcpy.o [4]
__aeabi_memset               0x282d         Code  Gb  ABImemset.o [4]
__aeabi_ui2d                 0x4331         Code  Gb  U32ToDbl.o [3]
__call_ctors                 0x4c99   0x18  Code  Gb  cppinit.o [2]
__checksum                 0x3'fffe    0x2  Data  Gb  Place holder __checksum
__checksum_begin {Abs}       0x2000         Data  Gb  <internal module>
__checksum_end {Abs}       0x3'fffe         Data  Gb  <internal module>
__cmain                      0x4cb1         Code  Gb  cmain.o [4]
__exit                       0x4ce1   0x14  Code  Gb  exit.o [5]
__iar_Memset                 0x282d         Code  Gb  ABImemset.o [4]
__iar_Memset_word            0x2835         Code  Gb  ABImemset.o [4]
__iar_copy_init3             0x2f23   0x2e  Code  Gb  copy_init3.o [4]
__iar_cstart_call_ctors
                             0x4c79   0x20  Code  Gb  cmain_call_ctors.o [4]
__iar_dadd                   0x3c61         Code  Gb  DblSub.o [3]
__iar_data_init3             0x4c29   0x28  Code  Gb  data_init.o [4]
__iar_debug_exceptions       0x31be    0x1  Data  Gb  unwind_debug.o [5]
__iar_dsub                   0x3055         Code  Gb  DblAdd.o [3]
__iar_dsubStart              0x3067         Code  Gb  DblAdd.o [3]
__iar_fadd                   0x3259         Code  Gb  FltSub.o [3]
__iar_fsub                   0x3a99         Code  Gb  FltAdd.o [3]
__iar_fsubStart              0x3aa9         Code  Gb  FltAdd.o [3]
__iar_program_start          0x4d1d         Code  Gb  cstartup_M.o [4]
__iar_round64                0x434d         Code  Gb  round.o [3]
__iar_tls$$INIT_ARRAY$$Base
                             0x4d34          --   Gb  - Linker created -
__iar_tls$$INIT_ARRAY$$Limit
                             0x4d34          --   Gb  - Linker created -
__iar_zero_init3             0x2893   0x3a  Code  Gb  zero_init3.o [4]
__sti__routine               0x3d35   0x92  Code  Lc  led_driver.o [1]
__sti__routine               0x49cd   0x30  Code  Lc  main.o [1]
__sti__routine               0x36b9    0xe  Code  Lc  timer.o [1]
__vector_table               0x2000         Data  Gb  iar_startup_nrf52840.o [1]
_call_main                   0x4cbd         Code  Gb  cmain.o [4]
_exit                        0x4cd5         Code  Gb  cexit.o [4]
_main                        0x4ccb         Code  Gb  cmain.o [4]
_next                   0x2000'0054    0x4  Data  Lc  utils.o [1]
adc_unite               0x2000'0060   0xd0  Data  Gb  main.o [1]
bl_btn_led              0x2000'01d8   0x38  Data  Gb  led_driver.o [1]
btn_pr_led              0x2000'0210   0x38  Data  Gb  led_driver.o [1]
charge_bar              0x2000'0130   0x38  Data  Gb  led_driver.o [1]
exit                         0x4ccf    0x4  Code  Gb  exit.o [2]
green_led               0x2000'01a0   0x38  Data  Gb  led_driver.o [1]
int nod<int>(int, int)       0x431d   0x12  Code  Gb  led_driver.o [1]
kb_led                  0x2000'0248   0x38  Data  Gb  led_driver.o [1]
led_2_port_list         0x2000'0000   0x20  Data  Gb  led_driver.o [1]
led_driver::_fade()          0x3fb7   0xe8  Code  Gb  led_driver.o [1]
led_driver::_fade_down()
                             0x412d   0x8c  Code  Gb  led_driver.o [1]
led_driver::_fade_up()       0x409f   0x8e  Code  Gb  led_driver.o [1]
led_driver::_stop()          0x3f4d   0x34  Code  Gb  led_driver.o [1]
led_driver::handle()         0x3f81   0x36  Code  Gb  led_driver.o [1]
led_driver::led_driver(unsigned int, Timer *, unsigned short, unsigned int)
                             0x3dc7   0x7c  Code  Gb  led_driver.o [1]
led_driver::led_driver(unsigned int, unsigned int, unsigned int, unsigned short, Timer *, unsigned short, unsigned int)
                             0x3e43   0x94  Code  Gb  led_driver.o [1]
led_driver::run(int)         0x3f3b   0x12  Code  Gb  led_driver.o [1]
led_driver::set_fadetime(unsigned int)
                             0x3ed7   0x64  Code  Gb  led_driver.o [1]
led_drivers_handle()         0x41b9   0x38  Code  Gb  led_driver.o [1]
led_list                0x2000'0020   0x20  Data  Gb  led_driver.o [1]
main                         0x49fd   0x54  Code  Gb  main.o [1]
nrf_hw_pwm::_is_enabled(unsigned char)
                             0x25a3   0x1c  Code  Gb  nrf_hw_pwm.o [1]
nrf_hw_pwm::_led_2_channel(unsigned char)
                             0x2531   0x40  Code  Gb  nrf_hw_pwm.o [1]
nrf_hw_pwm::_old_chrg_bar_state
                        0x2000'0058    0x2  Data  Gb  nrf_hw_pwm.o [1]
nrf_hw_pwm::_pin_2_led(unsigned int)
                             0x2571   0x32  Code  Gb  nrf_hw_pwm.o [1]
nrf_hw_pwm::_pin_allocation_map
                        0x2000'02b0   0x30  Data  Gb  nrf_hw_pwm.o [1]
nrf_hw_pwm::_pwm_dev    0x2000'0040   0x10  Data  Gb  nrf_hw_pwm.o [1]
nrf_hw_pwm::_run_sequence(unsigned char)
                             0x268f   0x14  Code  Gb  nrf_hw_pwm.o [1]
nrf_hw_pwm::_seq_0      0x2000'02e0   0x20  Data  Gb  nrf_hw_pwm.o [1]
nrf_hw_pwm::_setup(unsigned char)
                             0x25d7   0xb8  Code  Gb  nrf_hw_pwm.o [1]
nrf_hw_pwm::add_pin(unsigned int)
                             0x23eb  0x146  Code  Gb  nrf_hw_pwm.o [1]
nrf_hw_pwm::get_led_num(unsigned int)
                             0x26a3   0x26  Code  Gb  nrf_hw_pwm.o [1]
nrf_hw_pwm::nrf_hw_pwm() [subobject]
                             0x2201    0xc  Code  Gb  nrf_hw_pwm.o [1]
nrf_hw_pwm::nrf_hw_pwm(unsigned short, unsigned int, unsigned int, unsigned int)
                             0x229d   0xda  Code  Gb  nrf_hw_pwm.o [1]
nrf_hw_pwm::nrf_hw_pwm(unsigned short, unsigned int, unsigned int, unsigned int) [subobject]
                             0x220d   0x12  Code  Gb  nrf_hw_pwm.o [1]
nrf_hw_pwm::set_chrg_bar(short)
                             0x26c9  0x14a  Code  Gb  nrf_hw_pwm.o [1]
nrf_hw_pwm::set_clock_div(unsigned char)
                             0x238f   0x5c  Code  Gb  nrf_hw_pwm.o [1]
nrf_hw_pwm::set_max_value(unsigned char, unsigned int)
                             0x2377   0x18  Code  Gb  nrf_hw_pwm.o [1]
nrf_hw_pwm::start(unsigned char)
                             0x25bf   0x18  Code  Gb  nrf_hw_pwm.o [1]
nrf_hw_pwm::write_chnl(unsigned char, unsigned int, bool)
                             0x28cd   0x9c  Code  Gb  nrf_hw_pwm.o [1]
power_manager           0x2000'0280   0x30  Data  Gb  main.o [1]
random()                     0x3b71   0x18  Code  Gb  utils.o [1]
red_led                 0x2000'0168   0x38  Data  Gb  led_driver.o [1]
rnd_max(int)                 0x3b91   0x16  Code  Gb  utils.o [1]
round                        0x434d         Code  Gb  round.o [3]
roundl                       0x434d         Code  Gb  round.o [3]
sys_timer               0x2000'0300   0x20  Data  Gb  timer.o [1]
sys_timer_callback(uint32_t)::activeLeds
                        0x2000'0335    0x1  Data  Lc  timer.o [1]
sys_timer_callback(uint32_t)::adcTmr
                        0x2000'0328    0x8  Data  Lc  timer.o [1]
sys_timer_callback(unsigned int)
                             0x39dd   0x4c  Code  Gb  timer.o [1]


[1] = E:\cpp\nrf52_libraries\main\Obj
[2] = dl7M_tlf.a
[3] = m7M_tl.a
[4] = rt7M_tl.a
[5] = shb_l.a

  11'403 bytes of readonly  code memory
     171 bytes of readonly  data memory
   9'013 bytes of readwrite data memory

Errors: none
Warnings: none
