###############################################################################
#
# IAR ELF Linker V8.40.1.212/W32 for ARM                  02/Feb/2021  18:20:24
# Copyright 2007-2019 IAR Systems AB.
#
#    Output file  =  E:\cpp\nrf52_libraries\main\Exe\libraries.out.tmp
#    Map file     =  E:\cpp\nrf52_libraries\main\List\libraries.map
#    Command line =
#        -f C:\Users\IF385~1.SHO\AppData\Local\Temp\EWB033.tmp
#        (E:\cpp\nrf52_libraries\main\Obj\iar_startup_nrf52840.o
#        E:\cpp\nrf52_libraries\main\Obj\led_driver.o
#        E:\cpp\nrf52_libraries\main\Obj\main.o
#        E:\cpp\nrf52_libraries\main\Obj\nrf_hw_pwm.o
#        E:\cpp\nrf52_libraries\main\Obj\system_nrf52.o
#        E:\cpp\nrf52_libraries\main\Obj\system_nrf52840.o
#        E:\cpp\nrf52_libraries\main\Obj\timer.o
#        E:\cpp\nrf52_libraries\main\Obj\utils.o --no_out_extension -o
#        E:\cpp\nrf52_libraries\main\Exe\libraries.out.tmp --redirect
#        _Printf=_PrintfFullNoMb --redirect _Scanf=_ScanfFullNoMb --map
#        E:\cpp\nrf52_libraries\main\List\libraries.map --config
#        E:\cpp\nrf52_libraries\main\main_nRF5x.icf --keep __checksum
#        --semihosting --entry __iar_program_start --place_holder
#        __checksum,2,.checksum,1 --define_symbol __checksum_begin=0x2000
#        --define_symbol __checksum_end=0x3fffe --inline
#        --merge_duplicate_sections --vfe --text_out locale)
#
###############################################################################

*******************************************************************************
*** RUNTIME MODEL ATTRIBUTES
***

CppFlavor                     = *
__CPP_Exceptions              = Disabled
__CPP_Language                = C++14
__SystemLibrary               = DLib
__dlib_dynamic_initialization = normal
__dlib_version                = 6


*******************************************************************************
*** HEAP SELECTION
***

The basic heap was selected because no calls to memory allocation
functions were found in the application outside of system library
functions, and there are calls to deallocation functions in the
application.


*******************************************************************************
*** PLACEMENT SUMMARY
***

"A0":  place at address 0x2000 { ro section .intvec };
"A1":  place at address 0x3'fffe { ro section .checksum };
"P1":  place in [from 0x2000 to 0x3'ffff] { ro };
define block HEAP with size = 0, alignment = 8 { };
"P2":  place in [from 0x2000'0000 to 0x2003'dfdf] { rw, block HEAP };
define block CSTACK with size = 8K, alignment = 8 { };
"P3":  place in [from 0x2003'dfe0 to 0x2003'ffe0] { block CSTACK };
initialize by copy { rw };
keep { section .intvec };

No sections matched the following patterns:

  ro section bootloader_section  in "A3"
  ro section firmware_type       in "A2"


  Section                Kind         Address    Size  Object
  -------                ----         -------    ----  ------
"A0":                                           0x200
  .intvec                ro code       0x2000   0x200  iar_startup_nrf52840.o [1]
                                     - 0x2200   0x200

"P1":                                          0x155c
  .text                  ro code       0x2200   0x62c  nrf_hw_pwm.o [1]
  .text                  ro code       0x282c    0x66  ABImemset.o [4]
  .text                  ro code       0x2892    0x3a  zero_init3.o [4]
  .text                  ro code       0x28cc    0x9c  nrf_hw_pwm.o [1]
  .text                  ro code       0x2968   0x4e0  led_driver.o [1]
  .text                  ro code       0x2e48   0x31c  timer.o [1]
  .text                  ro code       0x3164    0x12  led_driver.o [1]
  .text                  ro code       0x3176    0x2e  copy_init3.o [4]
  .text                  ro code       0x31a4    0x1a  U32ToDbl.o [3]
  .text                  ro code       0x31be     0x2  iar_startup_nrf52840.o [1]
  .text                  ro code       0x31c0    0x52  round.o [3]
  .rodata                const         0x3212     0x1  unwind_debug.o [5]
  .text                  ro code       0x3214    0x3a  DblToS32.o [3]
  .text                  ro code       0x3250    0x28  DblToU32.o [3]
  .text                  ro code       0x3278   0x334  system_nrf52840.o [1]
  .text                  ro code       0x35ac    0x68  main.o [1]
  Initializer bytes      const         0x3614    0x58  <for P2-1>
  .text                  ro code       0x366c    0x28  data_init.o [4]
  .iar.init_table        const         0x3694    0x28  - Linker created -
  .text                  ro code       0x36bc    0x20  cmain_call_ctors.o [4]
  .text                  ro code       0x36dc    0x18  cppinit.o [2]
  .text                  ro code       0x36f4    0x1e  cmain.o [4]
  .text                  ro code       0x3712     0x4  exit.o [2]
  .text                  ro code       0x3718     0xa  cexit.o [4]
  .text                  ro code       0x3724    0x14  exit.o [5]
  .text                  ro code       0x3738    0x10  iar_startup_nrf52840.o [1]
  .text                  ro code       0x3748     0xc  cstartup_M.o [4]
  SHT$$PREINIT_ARRAY                   0x3754     0x0  <Block>
  SHT$$INIT_ARRAY                      0x3754     0x8  <Block>
    .init_array          const         0x3754     0x4  led_driver.o [1]
    .init_array          const         0x3758     0x4  timer.o [1]
  __iar_tls$$INIT_ARRAY                0x375c     0x0  <Block>
  .rodata                const         0x375c     0x0  zero_init3.o [4]
  .rodata                const         0x375c     0x0  copy_init3.o [4]
                                     - 0x375c  0x155c

"A1":                                             0x2
  .checksum              const       0x3'fffe     0x2  Place holder __checksum
                                   - 0x4'0000     0x2

"P2", part 1 of 2:                               0x58
  P2-1                            0x2000'0000    0x56  <Init block>
    .data                inited   0x2000'0000    0x20  led_driver.o [1]
    .data                inited   0x2000'0020    0x20  led_driver.o [1]
    .data                inited   0x2000'0040    0x10  nrf_hw_pwm.o [1]
    .data                inited   0x2000'0050     0x4  system_nrf52840.o [1]
    .data                inited   0x2000'0054     0x2  nrf_hw_pwm.o [1]
                                - 0x2000'0056    0x56

"P2", part 2 of 2:                              0x1c4
  .bss                   zero     0x2000'0058    0x38  led_driver.o [1]
  .bss                   zero     0x2000'0090    0x38  led_driver.o [1]
  .bss                   zero     0x2000'00c8    0x38  led_driver.o [1]
  .bss                   zero     0x2000'0100    0x38  led_driver.o [1]
  .bss                   zero     0x2000'0138    0x38  led_driver.o [1]
  .bss                   zero     0x2000'0170    0x38  led_driver.o [1]
  .bss                   zero     0x2000'01a8    0x30  nrf_hw_pwm.o [1]
  .bss                   zero     0x2000'01d8    0x20  nrf_hw_pwm.o [1]
  .bss                   zero     0x2000'01f8    0x20  timer.o [1]
  .bss                   zero     0x2000'0218     0x1  timer.o [1]
                                - 0x2000'0219   0x1c1

"P3":                                          0x2000
  CSTACK                          0x2003'dfe0  0x2000  <Block>
    CSTACK               uninit   0x2003'dfe0  0x2000  <Block tail>
                                - 0x2003'ffe0  0x2000

Unused ranges:

         From           To      Size
         ----           --      ----
       0x375c     0x3'fffd  0x3'c8a2
  0x2000'021c  0x2003'dfdf  0x3'ddc4
  0x2003'ffe0  0x2003'ffe0       0x1


*******************************************************************************
*** INIT TABLE
***

          Address      Size
          -------      ----
Zero (__iar_zero_init3)
    1 destination range, total size 0x1c1:
          0x2000'0058  0x1c1

Copy (__iar_copy_init3)
    1 source range, total size 0x58 (102% of destination):
               0x3614   0x58
    1 destination range, total size 0x56:
          0x2000'0000   0x56

Extra (__iar_cstart_call_ctors)



*******************************************************************************
*** MODULE SUMMARY
***

    Module                   ro code  ro data  rw data
    ------                   -------  -------  -------
command line/config:
    Place holder __checksum                 2
    --------------------------------------------------
    Total:                                  2

E:\cpp\nrf52_libraries\main\Obj: [1]
    iar_startup_nrf52840.o       530
    led_driver.o               1'266       68      400
    main.o                       104
    nrf_hw_pwm.o               1'736       18       98
    system_nrf52840.o            820        4        4
    timer.o                      796        4       33
    --------------------------------------------------
    Total:                     5'252       94      535

dl7M_tlf.a: [2]
    cppinit.o                     24
    exit.o                         4
    --------------------------------------------------
    Total:                        28

m7M_tl.a: [3]
    DblToS32.o                    58
    DblToU32.o                    40
    U32ToDbl.o                    26
    round.o                       82
    --------------------------------------------------
    Total:                       206

rt7M_tl.a: [4]
    ABImemset.o                  102
    cexit.o                       10
    cmain.o                       30
    cmain_call_ctors.o            32
    copy_init3.o                  46
    cstartup_M.o                  12
    data_init.o                   40
    zero_init3.o                  58
    --------------------------------------------------
    Total:                       330

shb_l.a: [5]
    exit.o                        20
    unwind_debug.o                          1
    --------------------------------------------------
    Total:                        20        1

    Gaps                           7
    Linker created                         42    8'192
------------------------------------------------------
    Grand Total:               5'843      139    8'727


*******************************************************************************
*** ENTRY LIST
***

Entry                       Address   Size  Type      Object
-----                       -------   ----  ----      ------
.iar.init_table$$Base        0x3694          --   Gb  - Linker created -
.iar.init_table$$Limit       0x36bc          --   Gb  - Linker created -
?main                        0x36f5         Code  Gb  cmain.o [4]
CSTACK$$Base            0x2003'dfe0          --   Gb  - Linker created -
CSTACK$$Limit           0x2003'ffe0          --   Gb  - Linker created -
Region$$Table$$Base          0x3694          --   Gb  - Linker created -
Region$$Table$$Limit         0x36bc          --   Gb  - Linker created -
SHT$$INIT_ARRAY$$Base        0x3754          --   Gb  - Linker created -
SHT$$INIT_ARRAY$$Limit       0x375c          --   Gb  - Linker created -
SHT$$PREINIT_ARRAY$$Base
                             0x3754          --   Gb  - Linker created -
SHT$$PREINIT_ARRAY$$Limit
                             0x3754          --   Gb  - Linker created -
SystemCoreClock         0x2000'0050    0x4  Data  Gb  system_nrf52840.o [1]
SystemCoreClockUpdate        0x3293    0x8  Code  Gb  system_nrf52840.o [1]
SystemInit                   0x329b  0x150  Code  Gb  system_nrf52840.o [1]
TIMER0_IRQHandler            0x3125    0xa  Code  Gb  timer.o [1]
TIMER1_IRQHandler            0x315d    0x2  Code  Gb  timer.o [1]
TIMER2_IRQHandler            0x315f    0x2  Code  Gb  timer.o [1]
TIMER3_IRQHandler            0x3161    0x2  Code  Gb  timer.o [1]
TIMER4_IRQHandler            0x3163    0x2  Code  Gb  timer.o [1]
Timer::Timer(unsigned char)
                             0x2eb1   0x5e  Code  Gb  timer.o [1]
Timer::get_ms() const        0x30d3    0xc  Code  Gb  timer.o [1]
Timer::increment(unsigned int)
                             0x30b9   0x1a  Code  Gb  timer.o [1]
Timer::init(unsigned int, unsigned int, bool)
                             0x2f0f   0x38  Code  Gb  timer.o [1]
Timer::onIRQ()               0x30f1   0x1a  Code  Gb  timer.o [1]
Timer::resume()              0x30df   0x12  Code  Gb  timer.o [1]
Timer::setCaptureCompare(unsigned char, unsigned char, bool)
                             0x2ff3   0xc6  Code  Gb  timer.o [1]
Timer::setIRQ(unsigned char, unsigned char)
                             0x2f47   0xac  Code  Gb  timer.o [1]
[local to nrf_hw_pwm_cpp]::nrf_gpio_cfg(unsigned int, nrf_gpio_pin_dir_t, nrf_gpio_pin_input_t, nrf_gpio_pin_pull_t, nrf_gpio_pin_drive_t, nrf_gpio_pin_sense_t)
                             0x223b   0x48  Code  Lc  nrf_hw_pwm.o [1]
[local to nrf_hw_pwm_cpp]::nrf_gpio_cfg_output(unsigned int)
                             0x2283   0x1a  Code  Lc  nrf_hw_pwm.o [1]
[local to nrf_hw_pwm_cpp]::nrf_gpio_pin_port_decode(unsigned int *)
                             0x221f   0x1c  Code  Lc  nrf_hw_pwm.o [1]
[local to system_nrf52840_c]::NVIC_SystemReset()
                             0x3279   0x1a  Code  Lc  system_nrf52840.o [1]
[local to system_nrf52840_c]::errata_103()
                             0x345b   0x18  Code  Lc  system_nrf52840.o [1]
[local to system_nrf52840_c]::errata_115()
                             0x3473   0x18  Code  Lc  system_nrf52840.o [1]
[local to system_nrf52840_c]::errata_120()
                             0x348b   0x18  Code  Lc  system_nrf52840.o [1]
[local to system_nrf52840_c]::errata_136()
                             0x34a3   0x2c  Code  Lc  system_nrf52840.o [1]
[local to system_nrf52840_c]::errata_36()
                             0x33eb   0x2c  Code  Lc  system_nrf52840.o [1]
[local to system_nrf52840_c]::errata_66()
                             0x3417   0x2c  Code  Lc  system_nrf52840.o [1]
[local to system_nrf52840_c]::errata_98()
                             0x3443   0x18  Code  Lc  system_nrf52840.o [1]
[local to timer_cpp]::NVIC_ClearPendingIRQ(IRQn_Type)
                             0x2e6f   0x16  Code  Lc  timer.o [1]
[local to timer_cpp]::NVIC_EnableIRQ(IRQn_Type)
                             0x2e57   0x18  Code  Lc  timer.o [1]
[local to timer_cpp]::NVIC_SetPriority(IRQn_Type, unsigned int)
                             0x2e85   0x2c  Code  Lc  timer.o [1]
__Vectors                    0x2000          --   Gb  iar_startup_nrf52840.o [1]
__Vectors_End                0x2200         Data  Gb  iar_startup_nrf52840.o [1]
__Vectors_Size {Abs}          0x200          --   Gb  iar_startup_nrf52840.o [1]
__aeabi_d2iz                 0x3215         Code  Gb  DblToS32.o [3]
__aeabi_d2uiz                0x3251         Code  Gb  DblToU32.o [3]
__aeabi_memset               0x282d         Code  Gb  ABImemset.o [4]
__aeabi_ui2d                 0x31a5         Code  Gb  U32ToDbl.o [3]
__call_ctors                 0x36dd   0x18  Code  Gb  cppinit.o [2]
__checksum                 0x3'fffe    0x2  Data  Gb  Place holder __checksum
__checksum_begin {Abs}       0x2000         Data  Gb  <internal module>
__checksum_end {Abs}       0x3'fffe         Data  Gb  <internal module>
__cmain                      0x36f5         Code  Gb  cmain.o [4]
__exit                       0x3725   0x14  Code  Gb  exit.o [5]
__iar_Memset                 0x282d         Code  Gb  ABImemset.o [4]
__iar_Memset_word            0x2835         Code  Gb  ABImemset.o [4]
__iar_copy_init3             0x3177   0x2e  Code  Gb  copy_init3.o [4]
__iar_cstart_call_ctors
                             0x36bd   0x20  Code  Gb  cmain_call_ctors.o [4]
__iar_data_init3             0x366d   0x28  Code  Gb  data_init.o [4]
__iar_debug_exceptions       0x3212    0x1  Data  Gb  unwind_debug.o [5]
__iar_program_start          0x3749         Code  Gb  cstartup_M.o [4]
__iar_round64                0x31c1         Code  Gb  round.o [3]
__iar_tls$$INIT_ARRAY$$Base
                             0x375c          --   Gb  - Linker created -
__iar_tls$$INIT_ARRAY$$Limit
                             0x375c          --   Gb  - Linker created -
__iar_zero_init3             0x2893   0x3a  Code  Gb  zero_init3.o [4]
__sti__routine               0x2969   0x92  Code  Lc  led_driver.o [1]
__sti__routine               0x2e49    0xe  Code  Lc  timer.o [1]
__vector_table               0x2000         Data  Gb  iar_startup_nrf52840.o [1]
_call_main                   0x3701         Code  Gb  cmain.o [4]
_exit                        0x3719         Code  Gb  cexit.o [4]
_main                        0x370f         Code  Gb  cmain.o [4]
bl_btn_led              0x2000'0100   0x38  Data  Gb  led_driver.o [1]
btn_pr_led              0x2000'0138   0x38  Data  Gb  led_driver.o [1]
charge_bar              0x2000'0058   0x38  Data  Gb  led_driver.o [1]
exit                         0x3713    0x4  Code  Gb  exit.o [2]
green_led               0x2000'00c8   0x38  Data  Gb  led_driver.o [1]
int nod<int>(int, int)       0x3165   0x12  Code  Gb  led_driver.o [1]
kb_led                  0x2000'0170   0x38  Data  Gb  led_driver.o [1]
led_2_port_list         0x2000'0000   0x20  Data  Gb  led_driver.o [1]
led_driver::_fade()          0x2beb   0xe8  Code  Gb  led_driver.o [1]
led_driver::_fade_down()
                             0x2d61   0x8c  Code  Gb  led_driver.o [1]
led_driver::_fade_up()       0x2cd3   0x8e  Code  Gb  led_driver.o [1]
led_driver::_stop()          0x2b81   0x34  Code  Gb  led_driver.o [1]
led_driver::handle()         0x2bb5   0x36  Code  Gb  led_driver.o [1]
led_driver::led_driver(unsigned int, Timer *, unsigned short, unsigned int)
                             0x29fb   0x7c  Code  Gb  led_driver.o [1]
led_driver::led_driver(unsigned int, unsigned int, unsigned int, unsigned short, Timer *, unsigned short, unsigned int)
                             0x2a77   0x94  Code  Gb  led_driver.o [1]
led_driver::run(int)         0x2b6f   0x12  Code  Gb  led_driver.o [1]
led_driver::set_fadetime(unsigned int)
                             0x2b0b   0x64  Code  Gb  led_driver.o [1]
led_drivers_handle()         0x2ded   0x38  Code  Gb  led_driver.o [1]
led_list                0x2000'0020   0x20  Data  Gb  led_driver.o [1]
main                         0x35ad   0x68  Code  Gb  main.o [1]
nrf_hw_pwm::_is_enabled(unsigned char)
                             0x25a3   0x1c  Code  Gb  nrf_hw_pwm.o [1]
nrf_hw_pwm::_led_2_channel(unsigned char)
                             0x2531   0x40  Code  Gb  nrf_hw_pwm.o [1]
nrf_hw_pwm::_old_chrg_bar_state
                        0x2000'0054    0x2  Data  Gb  nrf_hw_pwm.o [1]
nrf_hw_pwm::_pin_2_led(unsigned int)
                             0x2571   0x32  Code  Gb  nrf_hw_pwm.o [1]
nrf_hw_pwm::_pin_allocation_map
                        0x2000'01a8   0x30  Data  Gb  nrf_hw_pwm.o [1]
nrf_hw_pwm::_pwm_dev    0x2000'0040   0x10  Data  Gb  nrf_hw_pwm.o [1]
nrf_hw_pwm::_run_sequence(unsigned char)
                             0x268f   0x14  Code  Gb  nrf_hw_pwm.o [1]
nrf_hw_pwm::_seq_0      0x2000'01d8   0x20  Data  Gb  nrf_hw_pwm.o [1]
nrf_hw_pwm::_setup(unsigned char)
                             0x25d7   0xb8  Code  Gb  nrf_hw_pwm.o [1]
nrf_hw_pwm::add_pin(unsigned int)
                             0x23eb  0x146  Code  Gb  nrf_hw_pwm.o [1]
nrf_hw_pwm::get_led_num(unsigned int)
                             0x26a3   0x26  Code  Gb  nrf_hw_pwm.o [1]
nrf_hw_pwm::nrf_hw_pwm() [subobject]
                             0x2201    0xc  Code  Gb  nrf_hw_pwm.o [1]
nrf_hw_pwm::nrf_hw_pwm(unsigned short, unsigned int, unsigned int, unsigned int)
                             0x229d   0xda  Code  Gb  nrf_hw_pwm.o [1]
nrf_hw_pwm::nrf_hw_pwm(unsigned short, unsigned int, unsigned int, unsigned int) [subobject]
                             0x220d   0x12  Code  Gb  nrf_hw_pwm.o [1]
nrf_hw_pwm::set_chrg_bar(short)
                             0x26c9  0x14a  Code  Gb  nrf_hw_pwm.o [1]
nrf_hw_pwm::set_clock_div(unsigned char)
                             0x238f   0x5c  Code  Gb  nrf_hw_pwm.o [1]
nrf_hw_pwm::set_max_value(unsigned char, unsigned int)
                             0x2377   0x18  Code  Gb  nrf_hw_pwm.o [1]
nrf_hw_pwm::start(unsigned char)
                             0x25bf   0x18  Code  Gb  nrf_hw_pwm.o [1]
nrf_hw_pwm::write_chnl(unsigned char, unsigned int, bool)
                             0x28cd   0x9c  Code  Gb  nrf_hw_pwm.o [1]
red_led                 0x2000'0090   0x38  Data  Gb  led_driver.o [1]
round                        0x31c1         Code  Gb  round.o [3]
roundl                       0x31c1         Code  Gb  round.o [3]
sys_timer               0x2000'01f8   0x20  Data  Gb  timer.o [1]
sys_timer_callback(uint32_t)::activeLeds
                        0x2000'0218    0x1  Data  Lc  timer.o [1]
sys_timer_callback(unsigned int)
                             0x310b   0x1a  Code  Gb  timer.o [1]


[1] = E:\cpp\nrf52_libraries\main\Obj
[2] = dl7M_tlf.a
[3] = m7M_tl.a
[4] = rt7M_tl.a
[5] = shb_l.a

  5'843 bytes of readonly  code memory
    139 bytes of readonly  data memory
  8'727 bytes of readwrite data memory

Errors: none
Warnings: none
